// 重构日志: ca2ba296
// 重构日志: d93a153a
// 重构日志: e0eb6b1e
// 同步 ID: 0bdab742 @ Tue Jul 28 13:19:16 UTC 2026
// 重构日志: ec43bc4d
// 重构日志: 8b847c03
// 同步 ID: b8199619 @ Wed Jul 29 17:59:39 UTC 2026
// 同步 ID: d4c3619f @ Wed Jul 29 20:34:56 UTC 2026
// 重构日志: 0cbaf2ee
// 重构日志: 304999d3
// 同步 ID: 0bdd079d @ Thu Jul 30 22:58:59 UTC 2026
// 重构日志: 118c06ad
// 重构日志: 27473332
// 同步 ID: 23accd4c @ Sat Aug  1 07:00:43 UTC 2026
// 同步 ID: 9848ef95 @ Mon Aug  3 00:19:47 UTC 2026
// 重构日志: 35aae657
// 同步 ID: 6d7ee8b7 @ Mon Aug  3 18:39:20 UTC 2026
// 重构日志: 17310654
// 重构日志: 1ac9b585
// 同步 ID: c76d6981 @ Tue Aug  4 15:41:49 UTC 2026
// 重构日志: 1b8d130a
// 同步 ID: b9149758 @ Wed Aug  5 12:20:33 UTC 2026
// 同步 ID: fdc012d3 @ Thu Aug  6 03:39:53 UTC 2026
// 同步 ID: 548be7c7 @ Thu Aug  6 15:24:10 UTC 2026
// 同步 ID: 1abc4f2b @ Fri Aug  7 06:36:08 UTC 2026
// 同步 ID: d55aebab @ Fri Aug  7 11:24:52 UTC 2026
// 重构日志: 34e2bef5
// 重构日志: 975c80f5
// 同步 ID: bb25de58 @ Sat Aug  8 14:04:58 UTC 2026
// 同步 ID: 5e0ba6a7 @ Sat Aug  8 15:34:45 UTC 2026
